// Jest Snapshot v1, https://goo.gl/fbAQLP

exports[`Navbar matches snapshot 1`] = `
<nav
  className="navbar navbar-expand-lg navbar-light fixed-top py-3"
  id="mainNav"
>
  <div
    className="container"
  >
    <a
      className="navbar-brand js-scroll-trigger"
      href="/"
    >
      <img
        className="mr-2"
        src="/static/assets/img/logo_pur_beurre.png"
        width="50px"
      />
      Pur Beurre
    </a>
    <button
      aria-controls="navbarResponsive"
      aria-expanded="false"
      aria-label="Toggle navigation"
      className="navbar-toggler navbar-toggler-right"
      data-target="#navbarResponsive"
      data-toggle="collapse"
      type="button"
    >
      <span
        className="navbar-toggler-icon"
      />
    </button>
    <div
      className="collapse navbar-collapse"
      id="navbarResponsive"
    >
      <ul
        className="navbar-nav ml-auto my-2 my-lg-0"
      >
        <li
          className="nav-item"
        >
          <a
            className="nav-link js-scroll-trigger"
            href="/login"
          >
            Connexion
          </a>
        </li>
        <li
          className="nav-item"
        >
          <a
            className="nav-link js-scroll-trigger"
            href="/signup"
          >
            Inscription
          </a>
        </li>
      </ul>
    </div>
  </div>
</nav>
`;
